// Jest Snapshot v1, https://goo.gl/fbAQLP

exports[`ModalFooter test Footer renders 1`] = `
<div
  className="Footer"
>
  footer
</div>
`;
