// Jest Snapshot v1, https://goo.gl/fbAQLP

exports[`Input test Input renders 1`] = `
<input
  className="Input"
  onChange={[Function]}
/>
`;
