// Jest Snapshot v1, https://goo.gl/fbAQLP

exports[`ModalHeader test Header renders 1`] = `
<h2
  className="Header"
>
  Header
</h2>
`;
